// Jest Snapshot v1, https://goo.gl/fbAQLP

exports[`NewPost matches snapshot 1`] = `[Function]`;
