// Jest Snapshot v1, https://goo.gl/fbAQLP

exports[`Profile displays correct follow or unfollow button 1`] = `
<Provider
  store={
    Object {
      "clearActions": [Function],
      "dispatch": [Function],
      "getActions": [Function],
      "getState": [Function],
      "replaceReducer": [Function],
      "subscribe": [Function],
    }
  }
>
  <BrowserRouter>
    <Router
      history={
        Object {
          "action": "POP",
          "block": [Function],
          "createHref": [Function],
          "go": [Function],
          "goBack": [Function],
          "goForward": [Function],
          "length": 1,
          "listen": [Function],
          "location": Object {
            "hash": "",
            "pathname": "/",
            "search": "",
            "state": undefined,
          },
          "push": [Function],
          "replace": [Function],
        }
      }
    >
      <ProfileBlock>
        <div
          className="ProfileBlock__block"
        >
          <div
            className="ProfileBlock__personalInfoBlock"
          >
            <div
              className="ProfileBlock__avatarBlock"
            >
              <UserAvatar
                avatarSize="large"
                profile={
                  Object {
                    "@context": "https://www.w3.org/ns/activitystreams",
                    "actor": "0x1DCODE0000",
                    "discoverable": true,
                    "icon": Object {
                      "url": "https://image.shutterstock.com/image-vector/monday-time-sparkle-shine-word-600w-731826949.jpg",
                    },
                    "id": "http://localhost:3003/api/announce/0x1DCODE0000",
                    "name": "Monday January",
                    "preferredUsername": "0Monday0",
                    "socialAddress": "0x1DCODE0000",
                    "summary": "",
                    "type": "Person",
                    "url": "",
                    "walletAddress": "0xCODE0000",
                  }
                }
              >
                <Avatar
                  alt="Monday January"
                  shape="circle"
                  size={100}
                  src="data:image/png;base64,00"
                >
                  <span
                    className="ant-avatar ant-avatar-circle ant-avatar-image"
                    style={
                      Object {
                        "fontSize": 18,
                        "height": 100,
                        "lineHeight": "100px",
                        "width": 100,
                      }
                    }
                  >
                    <img
                      alt="Monday January"
                      onError={[Function]}
                      src="data:image/png;base64,00"
                    />
                  </span>
                </Avatar>
              </UserAvatar>
              <Button
                className="ProfileBlock__editButton"
                onClick={[Function]}
              >
                <Wave>
                  <button
                    className="ant-btn ProfileBlock__editButton"
                    onClick={[Function]}
                    type="button"
                  >
                    <LoadingIcon
                      existIcon={false}
                      loading={false}
                      prefixCls="ant-btn"
                    >
                      <CSSMotion
                        motionName="ant-btn-loading-icon-motion"
                        onAppearActive={[Function]}
                        onAppearStart={[Function]}
                        onEnterActive={[Function]}
                        onEnterStart={[Function]}
                        onLeaveActive={[Function]}
                        onLeaveStart={[Function]}
                        removeOnLeave={true}
                        visible={false}
                      >
                        <DomWrapper />
                      </CSSMotion>
                    </LoadingIcon>
                    <span
                      key=".0"
                    >
                      edit
                    </span>
                  </button>
                </Wave>
              </Button>
            </div>
            <div
              className="ProfileBlock__personalInfo"
            >
              <label
                className="ProfileBlock__personalInfoLabel"
              >
                NAME
              </label>
              <input
                className="ProfileBlock__name"
                disabled={true}
                onChange={[Function]}
                value="Monday January"
              />
              <label
                className="ProfileBlock__personalInfoLabel"
              >
                HANDLE
              </label>
              <input
                className="ProfileBlock__handle"
                disabled={true}
                onChange={[Function]}
                value="insert_handle_here"
              />
              <label
                className="ProfileBlock__personalInfoLabel"
              >
                SOCIAL ADDRESS
              </label>
              <input
                className="ProfileBlock__socialAddress"
                disabled={true}
                value="0x1DCODE0000"
              />
            </div>
          </div>
          <FollowersFollowing>
            <div
              className="FollowersFollowing__block"
            >
              <div
                className="FollowersFollowing__buttonBlock"
              >
                <Button
                  className="FollowersFollowing__button"
                  onClick={[Function]}
                >
                  <Wave>
                    <button
                      className="ant-btn FollowersFollowing__button"
                      onClick={[Function]}
                      type="button"
                    >
                      <LoadingIcon
                        existIcon={false}
                        loading={false}
                        prefixCls="ant-btn"
                      >
                        <CSSMotion
                          motionName="ant-btn-loading-icon-motion"
                          onAppearActive={[Function]}
                          onAppearStart={[Function]}
                          onEnterActive={[Function]}
                          onEnterStart={[Function]}
                          onLeaveActive={[Function]}
                          onLeaveStart={[Function]}
                          removeOnLeave={true}
                          visible={false}
                        >
                          <DomWrapper />
                        </CSSMotion>
                      </LoadingIcon>
                      <div
                        className="FollowersFollowing__buttonCount"
                        key=".0"
                      />
                      <span
                        key=".1"
                      >
                        Followers
                      </span>
                    </button>
                  </Wave>
                </Button>
                <div
                  className="FollowersFollowing__buttonSeperator"
                >
                   
                </div>
                <Button
                  className="FollowersFollowing__button"
                  onClick={[Function]}
                >
                  <Wave>
                    <button
                      className="ant-btn FollowersFollowing__button"
                      onClick={[Function]}
                      type="button"
                    >
                      <LoadingIcon
                        existIcon={false}
                        loading={false}
                        prefixCls="ant-btn"
                      >
                        <CSSMotion
                          motionName="ant-btn-loading-icon-motion"
                          onAppearActive={[Function]}
                          onAppearStart={[Function]}
                          onEnterActive={[Function]}
                          onEnterStart={[Function]}
                          onLeaveActive={[Function]}
                          onLeaveStart={[Function]}
                          removeOnLeave={true}
                          visible={false}
                        >
                          <DomWrapper />
                        </CSSMotion>
                      </LoadingIcon>
                      <div
                        className="FollowersFollowing__buttonCount"
                        key=".0"
                      />
                      <span
                        key=".1"
                      >
                        Following
                      </span>
                    </button>
                  </Wave>
                </Button>
              </div>
              <FollowersFollowingUsers
                listStatus={0}
                notFollowing={Array []}
                tempUserList={Array []}
              />
            </div>
          </FollowersFollowing>
        </div>
      </ProfileBlock>
    </Router>
  </BrowserRouter>
</Provider>
`;
