// Jest Snapshot v1, https://goo.gl/fbAQLP

exports[`UserAvatar renders without crashing 1`] = `
<Avatar
  alt="0x1DCODE0000"
  shape="circle"
  size={100}
/>
`;
